curr: 0, peak: 0
curr: 0, peak: 0
curr: 0, peak: 0
curr: 0, peak: 0
curr: 0, peak: 0
curr: 0, peak: 0
curr: 0, peak: 0
curr: 0, peak: 0
curr: 0, peak: 0
curr: 0, peak: 0
curr: 0, peak: 0
curr: 0, peak: 0
curr: 0, peak: 0
curr: 0, peak: 0
curr: 0, peak: 0
curr: 0, peak: 0
curr: 0, peak: 0
curr: 0, peak: 0
curr: 0, peak: 0
curr: 0, peak: 0
curr: 0, peak: 0
curr: 0, peak: 0
curr: 0, peak: 0
curr: 0, peak: 0
curr: 0, peak: 0
curr: 0, peak: 0
curr: 0, peak: 0
curr: 0, peak: 0
curr: 0, peak: 0
curr: 0, peak: 0
curr: 0, peak: 0
